running develop
running egg_info
creating wafl_navigation.egg-info
writing wafl_navigation.egg-info/PKG-INFO
writing dependency_links to wafl_navigation.egg-info/dependency_links.txt
writing entry points to wafl_navigation.egg-info/entry_points.txt
writing requirements to wafl_navigation.egg-info/requires.txt
writing top-level names to wafl_navigation.egg-info/top_level.txt
writing manifest file 'wafl_navigation.egg-info/SOURCES.txt'
reading manifest file 'wafl_navigation.egg-info/SOURCES.txt'
writing manifest file 'wafl_navigation.egg-info/SOURCES.txt'
running build_ext
Creating /home/martin/gp/repo26/WAFL2026/Navigation/Simulation/install/wafl_navigation/lib/python3.10/site-packages/wafl-navigation.egg-link (link to .)
Installing caster_controller script to /home/martin/gp/repo26/WAFL2026/Navigation/Simulation/install/wafl_navigation/lib/wafl_navigation

Installed /home/martin/gp/repo26/WAFL2026/Navigation/Simulation/build/wafl_navigation
running symlink_data
creating /home/martin/gp/repo26/WAFL2026/Navigation/Simulation/install/wafl_navigation/share/ament_index
creating /home/martin/gp/repo26/WAFL2026/Navigation/Simulation/install/wafl_navigation/share/ament_index/resource_index
creating /home/martin/gp/repo26/WAFL2026/Navigation/Simulation/install/wafl_navigation/share/ament_index/resource_index/packages
symbolically linking /home/martin/gp/repo26/WAFL2026/Navigation/Simulation/build/wafl_navigation/resource/wafl_navigation -> /home/martin/gp/repo26/WAFL2026/Navigation/Simulation/install/wafl_navigation/share/ament_index/resource_index/packages
symbolically linking /home/martin/gp/repo26/WAFL2026/Navigation/Simulation/build/wafl_navigation/package.xml -> /home/martin/gp/repo26/WAFL2026/Navigation/Simulation/install/wafl_navigation/share/wafl_navigation
creating /home/martin/gp/repo26/WAFL2026/Navigation/Simulation/install/wafl_navigation/share/wafl_navigation/launch
symbolically linking /home/martin/gp/repo26/WAFL2026/Navigation/Simulation/build/wafl_navigation/launch/navigation.launch.py -> /home/martin/gp/repo26/WAFL2026/Navigation/Simulation/install/wafl_navigation/share/wafl_navigation/launch
creating /home/martin/gp/repo26/WAFL2026/Navigation/Simulation/install/wafl_navigation/share/wafl_navigation/config
symbolically linking /home/martin/gp/repo26/WAFL2026/Navigation/Simulation/build/wafl_navigation/config/nav2_params.yaml -> /home/martin/gp/repo26/WAFL2026/Navigation/Simulation/install/wafl_navigation/share/wafl_navigation/config
creating /home/martin/gp/repo26/WAFL2026/Navigation/Simulation/install/wafl_navigation/share/wafl_navigation/maps
symbolically linking /home/martin/gp/repo26/WAFL2026/Navigation/Simulation/build/wafl_navigation/maps/my_map.pgm -> /home/martin/gp/repo26/WAFL2026/Navigation/Simulation/install/wafl_navigation/share/wafl_navigation/maps
symbolically linking /home/martin/gp/repo26/WAFL2026/Navigation/Simulation/build/wafl_navigation/maps/my_map.yaml -> /home/martin/gp/repo26/WAFL2026/Navigation/Simulation/install/wafl_navigation/share/wafl_navigation/maps
