[0.158s] DEBUG:colcon:Command line arguments: ['/usr/bin/colcon', 'build', '--symlink-install']
[0.158s] DEBUG:colcon:Parsed command line arguments: Namespace(log_base=None, log_level=None, verb_name='build', build_base='build', install_base='install', merge_install=False, symlink_install=True, test_result_base=None, continue_on_error=False, executor='parallel', parallel_workers=16, event_handlers=None, ignore_user_meta=False, metas=['./colcon.meta'], base_paths=['.'], packages_ignore=None, packages_ignore_regex=None, paths=None, packages_up_to=None, packages_up_to_regex=None, packages_above=None, packages_above_and_dependencies=None, packages_above_depth=None, packages_select_by_dep=None, packages_skip_by_dep=None, packages_skip_up_to=None, packages_select_build_failed=False, packages_skip_build_finished=False, packages_select_test_failures=False, packages_skip_test_passed=False, packages_select=None, packages_skip=None, packages_select_regex=None, packages_skip_regex=None, packages_start=None, packages_end=None, allow_overriding=[], cmake_args=None, cmake_target=None, cmake_target_skip_unavailable=False, cmake_clean_cache=False, cmake_clean_first=False, cmake_force_configure=False, ament_cmake_args=None, catkin_cmake_args=None, catkin_skip_building_tests=False, mixin_files=None, mixin=None, verb_parser=<colcon_mixin.mixin.mixin_argument.MixinArgumentDecorator object at 0x73f205c985b0>, verb_extension=<colcon_core.verb.build.BuildVerb object at 0x73f205c5feb0>, main=<bound method BuildVerb.main of <colcon_core.verb.build.BuildVerb object at 0x73f205c5feb0>>, mixin_verb=('build',))
[0.422s] Level 1:colcon.colcon_core.package_discovery:discover_packages(colcon_meta) check parameters
[0.422s] Level 1:colcon.colcon_core.package_discovery:discover_packages(recursive) check parameters
[0.422s] Level 1:colcon.colcon_core.package_discovery:discover_packages(ignore) check parameters
[0.422s] Level 1:colcon.colcon_core.package_discovery:discover_packages(path) check parameters
[0.422s] Level 1:colcon.colcon_core.package_discovery:discover_packages(colcon_meta) discover
[0.422s] Level 1:colcon.colcon_core.package_discovery:discover_packages(recursive) discover
[0.423s] INFO:colcon.colcon_core.package_discovery:Crawling recursively for packages in '/home/martin/gp/repo26/WAFL2026/Navigation/Simulation'
[0.423s] Level 1:colcon.colcon_core.package_identification:_identify(.) by extensions ['ignore', 'ignore_ament_install']
[0.423s] Level 1:colcon.colcon_core.package_identification:_identify(.) by extension 'ignore'
[0.423s] Level 1:colcon.colcon_core.package_identification:_identify(.) by extension 'ignore_ament_install'
[0.423s] Level 1:colcon.colcon_core.package_identification:_identify(.) by extensions ['colcon_pkg']
[0.423s] Level 1:colcon.colcon_core.package_identification:_identify(.) by extension 'colcon_pkg'
[0.423s] Level 1:colcon.colcon_core.package_identification:_identify(.) by extensions ['colcon_meta']
[0.423s] Level 1:colcon.colcon_core.package_identification:_identify(.) by extension 'colcon_meta'
[0.423s] Level 1:colcon.colcon_core.package_identification:_identify(.) by extensions ['ros']
[0.423s] Level 1:colcon.colcon_core.package_identification:_identify(.) by extension 'ros'
[0.483s] Level 1:colcon.colcon_core.package_identification:_identify(.) by extensions ['cmake', 'python']
[0.484s] Level 1:colcon.colcon_core.package_identification:_identify(.) by extension 'cmake'
[0.484s] Level 1:colcon.colcon_core.package_identification:_identify(.) by extension 'python'
[0.484s] Level 1:colcon.colcon_core.package_identification:_identify(.) by extensions ['python_setup_py']
[0.484s] Level 1:colcon.colcon_core.package_identification:_identify(.) by extension 'python_setup_py'
[0.484s] Level 1:colcon.colcon_core.package_identification:_identify(build) by extensions ['ignore', 'ignore_ament_install']
[0.484s] Level 1:colcon.colcon_core.package_identification:_identify(build) by extension 'ignore'
[0.484s] Level 1:colcon.colcon_core.package_identification:_identify(build) ignored
[0.484s] Level 1:colcon.colcon_core.package_identification:_identify(install) by extensions ['ignore', 'ignore_ament_install']
[0.484s] Level 1:colcon.colcon_core.package_identification:_identify(install) by extension 'ignore'
[0.485s] Level 1:colcon.colcon_core.package_identification:_identify(install) ignored
[0.485s] Level 1:colcon.colcon_core.package_identification:_identify(log) by extensions ['ignore', 'ignore_ament_install']
[0.485s] Level 1:colcon.colcon_core.package_identification:_identify(log) by extension 'ignore'
[0.485s] Level 1:colcon.colcon_core.package_identification:_identify(log) ignored
[0.485s] Level 1:colcon.colcon_core.package_identification:_identify(wafl_navigation) by extensions ['ignore', 'ignore_ament_install']
[0.485s] Level 1:colcon.colcon_core.package_identification:_identify(wafl_navigation) by extension 'ignore'
[0.485s] Level 1:colcon.colcon_core.package_identification:_identify(wafl_navigation) by extension 'ignore_ament_install'
[0.485s] Level 1:colcon.colcon_core.package_identification:_identify(wafl_navigation) by extensions ['colcon_pkg']
[0.485s] Level 1:colcon.colcon_core.package_identification:_identify(wafl_navigation) by extension 'colcon_pkg'
[0.485s] Level 1:colcon.colcon_core.package_identification:_identify(wafl_navigation) by extensions ['colcon_meta']
[0.485s] Level 1:colcon.colcon_core.package_identification:_identify(wafl_navigation) by extension 'colcon_meta'
[0.485s] Level 1:colcon.colcon_core.package_identification:_identify(wafl_navigation) by extensions ['ros']
[0.485s] Level 1:colcon.colcon_core.package_identification:_identify(wafl_navigation) by extension 'ros'
[0.490s] DEBUG:colcon.colcon_core.package_identification:Package 'wafl_navigation' with type 'ros.ament_python' and name 'wafl_navigation'
[0.491s] Level 1:colcon.colcon_core.package_discovery:discover_packages(recursive) using defaults
[0.491s] Level 1:colcon.colcon_core.package_discovery:discover_packages(ignore) discover
[0.491s] Level 1:colcon.colcon_core.package_discovery:discover_packages(ignore) using defaults
[0.491s] Level 1:colcon.colcon_core.package_discovery:discover_packages(path) discover
[0.491s] Level 1:colcon.colcon_core.package_discovery:discover_packages(path) using defaults
[0.521s] Level 1:colcon.colcon_core.package_discovery:discover_packages(prefix_path) check parameters
[0.521s] Level 1:colcon.colcon_core.package_discovery:discover_packages(prefix_path) discover
[0.523s] DEBUG:colcon.colcon_installed_package_information.package_discovery:Found 1 installed packages in /home/martin/ros2_ws/install
[0.525s] DEBUG:colcon.colcon_installed_package_information.package_discovery:Found 394 installed packages in /opt/ros/humble
[0.528s] Level 1:colcon.colcon_core.package_discovery:discover_packages(prefix_path) using defaults
[0.599s] Level 5:colcon.colcon_core.verb:set package 'wafl_navigation' build argument 'cmake_args' from command line to 'None'
[0.599s] Level 5:colcon.colcon_core.verb:set package 'wafl_navigation' build argument 'cmake_target' from command line to 'None'
[0.599s] Level 5:colcon.colcon_core.verb:set package 'wafl_navigation' build argument 'cmake_target_skip_unavailable' from command line to 'False'
[0.599s] Level 5:colcon.colcon_core.verb:set package 'wafl_navigation' build argument 'cmake_clean_cache' from command line to 'False'
[0.600s] Level 5:colcon.colcon_core.verb:set package 'wafl_navigation' build argument 'cmake_clean_first' from command line to 'False'
[0.600s] Level 5:colcon.colcon_core.verb:set package 'wafl_navigation' build argument 'cmake_force_configure' from command line to 'False'
[0.600s] Level 5:colcon.colcon_core.verb:set package 'wafl_navigation' build argument 'ament_cmake_args' from command line to 'None'
[0.600s] Level 5:colcon.colcon_core.verb:set package 'wafl_navigation' build argument 'catkin_cmake_args' from command line to 'None'
[0.600s] Level 5:colcon.colcon_core.verb:set package 'wafl_navigation' build argument 'catkin_skip_building_tests' from command line to 'False'
[0.600s] DEBUG:colcon.colcon_core.verb:Building package 'wafl_navigation' with the following arguments: {'ament_cmake_args': None, 'build_base': '/home/martin/gp/repo26/WAFL2026/Navigation/Simulation/build/wafl_navigation', 'catkin_cmake_args': None, 'catkin_skip_building_tests': False, 'cmake_args': None, 'cmake_clean_cache': False, 'cmake_clean_first': False, 'cmake_force_configure': False, 'cmake_target': None, 'cmake_target_skip_unavailable': False, 'install_base': '/home/martin/gp/repo26/WAFL2026/Navigation/Simulation/install/wafl_navigation', 'merge_install': False, 'path': '/home/martin/gp/repo26/WAFL2026/Navigation/Simulation/wafl_navigation', 'symlink_install': True, 'test_result_base': None}
[0.600s] INFO:colcon.colcon_core.executor:Executing jobs using 'parallel' executor
[0.603s] DEBUG:colcon.colcon_parallel_executor.executor.parallel:run_until_complete
[0.603s] INFO:colcon.colcon_ros.task.ament_python.build:Building ROS package in '/home/martin/gp/repo26/WAFL2026/Navigation/Simulation/wafl_navigation' with build type 'ament_python'
[0.603s] Level 1:colcon.colcon_core.shell:create_environment_hook('wafl_navigation', 'ament_prefix_path')
[0.606s] INFO:colcon.colcon_core.plugin_system:Skipping extension 'colcon_core.shell.bat': Not used on non-Windows systems
[0.607s] INFO:colcon.colcon_core.shell:Creating environment hook '/home/martin/gp/repo26/WAFL2026/Navigation/Simulation/install/wafl_navigation/share/wafl_navigation/hook/ament_prefix_path.ps1'
[0.608s] INFO:colcon.colcon_core.shell:Creating environment descriptor '/home/martin/gp/repo26/WAFL2026/Navigation/Simulation/install/wafl_navigation/share/wafl_navigation/hook/ament_prefix_path.dsv'
[0.609s] INFO:colcon.colcon_core.shell:Creating environment hook '/home/martin/gp/repo26/WAFL2026/Navigation/Simulation/install/wafl_navigation/share/wafl_navigation/hook/ament_prefix_path.sh'
[0.610s] INFO:colcon.colcon_core.shell:Skip shell extension 'powershell' for command environment: Not usable outside of PowerShell
[0.610s] DEBUG:colcon.colcon_core.shell:Skip shell extension 'dsv' for command environment
[1.015s] INFO:colcon.colcon_core.task.python.build:Building Python package in '/home/martin/gp/repo26/WAFL2026/Navigation/Simulation/wafl_navigation'
[1.016s] INFO:colcon.colcon_core.shell:Skip shell extension 'powershell' for command environment: Not usable outside of PowerShell
[1.016s] DEBUG:colcon.colcon_core.shell:Skip shell extension 'dsv' for command environment
[1.676s] DEBUG:colcon.colcon_core.task.python.build:Available setuptools commands: check, install, install_lib, install_scripts, bdist_egg, develop, install_data, test, saveopts, update_catalog, clean, upload_docs, rotate, register, bdist, upload, easy_install, bdist_dumb, compile_catalog, bdist_rpm, extract_messages, setopt, install_egg_info, build_ext, bdist_wheel, build_py, sdist, init_catalog, dist_info, install_headers, build, egg_info, symlink_data, alias, build_clib, build_scripts
[2.121s] DEBUG:colcon.colcon_core.task.python.build:Available setuptools 'develop' options: --build-directory, --allow-hosts, --always-unzip, --upgrade, --egg-path, --multi-version, --no-find-links, --no-user-cfg, --zip-ok, --no-deps, --quiet, --uninstall, --find-links, --always-copy, --verbose, --dry-run, --index-url, --optimize, --force-installation-into-system-dir, --record, --exclude-scripts, --local-snapshots-ok, --prefix, --editable, --site-dirs, --install-layout, --help, --install-dir, --version, --user, --script-dir
[2.128s] DEBUG:colcon.colcon_core.event_handler.log_command:Invoking command in '/home/martin/gp/repo26/WAFL2026/Navigation/Simulation/build/wafl_navigation': PYTHONPATH=/home/martin/gp/repo26/WAFL2026/Navigation/Simulation/build/wafl_navigation/prefix_override:/usr/lib/python3/dist-packages/colcon_core/task/python/colcon_distutils_commands:/home/martin/gp/repo26/WAFL2026/Navigation/Simulation/install/wafl_navigation/lib/python3.10/site-packages:${PYTHONPATH} /usr/bin/python3 -W ignore:setup.py install is deprecated -W ignore:easy_install command is deprecated setup.py develop --editable --build-directory /home/martin/gp/repo26/WAFL2026/Navigation/Simulation/build/wafl_navigation/build --no-deps symlink_data
[3.036s] Level 1:colcon.colcon_core.shell:create_environment_hook('wafl_navigation', 'pythonpath_develop')
[3.038s] INFO:colcon.colcon_core.shell:Creating environment hook '/home/martin/gp/repo26/WAFL2026/Navigation/Simulation/build/wafl_navigation/share/wafl_navigation/hook/pythonpath_develop.ps1'
[3.038s] INFO:colcon.colcon_core.shell:Creating environment descriptor '/home/martin/gp/repo26/WAFL2026/Navigation/Simulation/build/wafl_navigation/share/wafl_navigation/hook/pythonpath_develop.dsv'
[3.039s] INFO:colcon.colcon_core.shell:Creating environment hook '/home/martin/gp/repo26/WAFL2026/Navigation/Simulation/build/wafl_navigation/share/wafl_navigation/hook/pythonpath_develop.sh'
[3.037s] DEBUG:colcon.colcon_core.event_handler.log_command:Invoked command in '/home/martin/gp/repo26/WAFL2026/Navigation/Simulation/build/wafl_navigation' returned '0': PYTHONPATH=/home/martin/gp/repo26/WAFL2026/Navigation/Simulation/build/wafl_navigation/prefix_override:/usr/lib/python3/dist-packages/colcon_core/task/python/colcon_distutils_commands:/home/martin/gp/repo26/WAFL2026/Navigation/Simulation/install/wafl_navigation/lib/python3.10/site-packages:${PYTHONPATH} /usr/bin/python3 -W ignore:setup.py install is deprecated -W ignore:easy_install command is deprecated setup.py develop --editable --build-directory /home/martin/gp/repo26/WAFL2026/Navigation/Simulation/build/wafl_navigation/build --no-deps symlink_data
[3.043s] Level 1:colcon.colcon_core.environment:checking '/home/martin/gp/repo26/WAFL2026/Navigation/Simulation/install/wafl_navigation' for CMake module files
[3.044s] Level 1:colcon.colcon_core.environment:checking '/home/martin/gp/repo26/WAFL2026/Navigation/Simulation/install/wafl_navigation' for CMake config files
[3.045s] Level 1:colcon.colcon_core.environment:checking '/home/martin/gp/repo26/WAFL2026/Navigation/Simulation/install/wafl_navigation/lib'
[3.046s] Level 1:colcon.colcon_core.environment:checking '/home/martin/gp/repo26/WAFL2026/Navigation/Simulation/install/wafl_navigation/bin'
[3.046s] Level 1:colcon.colcon_core.environment:checking '/home/martin/gp/repo26/WAFL2026/Navigation/Simulation/install/wafl_navigation/lib/pkgconfig/wafl_navigation.pc'
[3.046s] Level 1:colcon.colcon_core.environment:checking '/home/martin/gp/repo26/WAFL2026/Navigation/Simulation/install/wafl_navigation/lib/python3.10/site-packages'
[3.046s] Level 1:colcon.colcon_core.shell:create_environment_hook('wafl_navigation', 'pythonpath')
[3.047s] INFO:colcon.colcon_core.shell:Creating environment hook '/home/martin/gp/repo26/WAFL2026/Navigation/Simulation/install/wafl_navigation/share/wafl_navigation/hook/pythonpath.ps1'
[3.047s] INFO:colcon.colcon_core.shell:Creating environment descriptor '/home/martin/gp/repo26/WAFL2026/Navigation/Simulation/install/wafl_navigation/share/wafl_navigation/hook/pythonpath.dsv'
[3.048s] INFO:colcon.colcon_core.shell:Creating environment hook '/home/martin/gp/repo26/WAFL2026/Navigation/Simulation/install/wafl_navigation/share/wafl_navigation/hook/pythonpath.sh'
[3.049s] Level 1:colcon.colcon_core.environment:checking '/home/martin/gp/repo26/WAFL2026/Navigation/Simulation/install/wafl_navigation/bin'
[3.049s] Level 1:colcon.colcon_core.environment:create_environment_scripts_only(wafl_navigation)
[3.050s] INFO:colcon.colcon_core.shell:Creating package script '/home/martin/gp/repo26/WAFL2026/Navigation/Simulation/install/wafl_navigation/share/wafl_navigation/package.ps1'
[3.051s] INFO:colcon.colcon_core.shell:Creating package descriptor '/home/martin/gp/repo26/WAFL2026/Navigation/Simulation/install/wafl_navigation/share/wafl_navigation/package.dsv'
[3.052s] INFO:colcon.colcon_core.shell:Creating package script '/home/martin/gp/repo26/WAFL2026/Navigation/Simulation/install/wafl_navigation/share/wafl_navigation/package.sh'
[3.054s] INFO:colcon.colcon_core.shell:Creating package script '/home/martin/gp/repo26/WAFL2026/Navigation/Simulation/install/wafl_navigation/share/wafl_navigation/package.bash'
[3.055s] INFO:colcon.colcon_core.shell:Creating package script '/home/martin/gp/repo26/WAFL2026/Navigation/Simulation/install/wafl_navigation/share/wafl_navigation/package.zsh'
[3.056s] Level 1:colcon.colcon_core.environment:create_file_with_runtime_dependencies(/home/martin/gp/repo26/WAFL2026/Navigation/Simulation/install/wafl_navigation/share/colcon-core/packages/wafl_navigation)
[3.058s] DEBUG:colcon.colcon_parallel_executor.executor.parallel:closing loop
[3.059s] DEBUG:colcon.colcon_parallel_executor.executor.parallel:loop closed
[3.059s] DEBUG:colcon.colcon_parallel_executor.executor.parallel:run_until_complete finished with '0'
[3.059s] DEBUG:colcon.colcon_core.event_reactor:joining thread
[3.069s] INFO:colcon.colcon_core.plugin_system:Skipping extension 'colcon_notification.desktop_notification.terminal_notifier': Not used on non-Darwin systems
[3.069s] INFO:colcon.colcon_core.plugin_system:Skipping extension 'colcon_notification.desktop_notification.win32': Not used on non-Windows systems
[3.069s] INFO:colcon.colcon_notification.desktop_notification:Sending desktop notification using 'notify2'
[3.081s] DEBUG:colcon.colcon_core.event_reactor:joined thread
[3.082s] INFO:colcon.colcon_core.shell:Creating prefix script '/home/martin/gp/repo26/WAFL2026/Navigation/Simulation/install/local_setup.ps1'
[3.083s] INFO:colcon.colcon_core.shell:Creating prefix util module '/home/martin/gp/repo26/WAFL2026/Navigation/Simulation/install/_local_setup_util_ps1.py'
[3.085s] INFO:colcon.colcon_core.shell:Creating prefix chain script '/home/martin/gp/repo26/WAFL2026/Navigation/Simulation/install/setup.ps1'
[3.086s] INFO:colcon.colcon_core.shell:Creating prefix script '/home/martin/gp/repo26/WAFL2026/Navigation/Simulation/install/local_setup.sh'
[3.087s] INFO:colcon.colcon_core.shell:Creating prefix util module '/home/martin/gp/repo26/WAFL2026/Navigation/Simulation/install/_local_setup_util_sh.py'
[3.087s] INFO:colcon.colcon_core.shell:Creating prefix chain script '/home/martin/gp/repo26/WAFL2026/Navigation/Simulation/install/setup.sh'
[3.089s] INFO:colcon.colcon_core.shell:Creating prefix script '/home/martin/gp/repo26/WAFL2026/Navigation/Simulation/install/local_setup.bash'
[3.089s] INFO:colcon.colcon_core.shell:Creating prefix chain script '/home/martin/gp/repo26/WAFL2026/Navigation/Simulation/install/setup.bash'
[3.091s] INFO:colcon.colcon_core.shell:Creating prefix script '/home/martin/gp/repo26/WAFL2026/Navigation/Simulation/install/local_setup.zsh'
[3.091s] INFO:colcon.colcon_core.shell:Creating prefix chain script '/home/martin/gp/repo26/WAFL2026/Navigation/Simulation/install/setup.zsh'
