[0.113s] DEBUG:colcon:Command line arguments: ['/usr/bin/colcon', 'build', '--symlink-install']
[0.113s] DEBUG:colcon:Parsed command line arguments: Namespace(log_base=None, log_level=None, verb_name='build', build_base='build', install_base='install', merge_install=False, symlink_install=True, test_result_base=None, continue_on_error=False, executor='parallel', parallel_workers=16, event_handlers=None, ignore_user_meta=False, metas=['./colcon.meta'], base_paths=['.'], packages_ignore=None, packages_ignore_regex=None, paths=None, packages_up_to=None, packages_up_to_regex=None, packages_above=None, packages_above_and_dependencies=None, packages_above_depth=None, packages_select_by_dep=None, packages_skip_by_dep=None, packages_skip_up_to=None, packages_select_build_failed=False, packages_skip_build_finished=False, packages_select_test_failures=False, packages_skip_test_passed=False, packages_select=None, packages_skip=None, packages_select_regex=None, packages_skip_regex=None, packages_start=None, packages_end=None, allow_overriding=[], cmake_args=None, cmake_target=None, cmake_target_skip_unavailable=False, cmake_clean_cache=False, cmake_clean_first=False, cmake_force_configure=False, ament_cmake_args=None, catkin_cmake_args=None, catkin_skip_building_tests=False, mixin_files=None, mixin=None, verb_parser=<colcon_mixin.mixin.mixin_argument.MixinArgumentDecorator object at 0x77958fca8280>, verb_extension=<colcon_core.verb.build.BuildVerb object at 0x77958fc73b80>, main=<bound method BuildVerb.main of <colcon_core.verb.build.BuildVerb object at 0x77958fc73b80>>, mixin_verb=('build',))
[0.408s] Level 1:colcon.colcon_core.package_discovery:discover_packages(colcon_meta) check parameters
[0.408s] Level 1:colcon.colcon_core.package_discovery:discover_packages(recursive) check parameters
[0.408s] Level 1:colcon.colcon_core.package_discovery:discover_packages(ignore) check parameters
[0.408s] Level 1:colcon.colcon_core.package_discovery:discover_packages(path) check parameters
[0.408s] Level 1:colcon.colcon_core.package_discovery:discover_packages(colcon_meta) discover
[0.408s] Level 1:colcon.colcon_core.package_discovery:discover_packages(recursive) discover
[0.408s] INFO:colcon.colcon_core.package_discovery:Crawling recursively for packages in '/home/martin/gp/repo26/WAFL2026/Localization/Simulation'
[0.408s] Level 1:colcon.colcon_core.package_identification:_identify(.) by extensions ['ignore', 'ignore_ament_install']
[0.408s] Level 1:colcon.colcon_core.package_identification:_identify(.) by extension 'ignore'
[0.408s] Level 1:colcon.colcon_core.package_identification:_identify(.) by extension 'ignore_ament_install'
[0.408s] Level 1:colcon.colcon_core.package_identification:_identify(.) by extensions ['colcon_pkg']
[0.408s] Level 1:colcon.colcon_core.package_identification:_identify(.) by extension 'colcon_pkg'
[0.408s] Level 1:colcon.colcon_core.package_identification:_identify(.) by extensions ['colcon_meta']
[0.408s] Level 1:colcon.colcon_core.package_identification:_identify(.) by extension 'colcon_meta'
[0.408s] Level 1:colcon.colcon_core.package_identification:_identify(.) by extensions ['ros']
[0.408s] Level 1:colcon.colcon_core.package_identification:_identify(.) by extension 'ros'
[0.435s] Level 1:colcon.colcon_core.package_identification:_identify(.) by extensions ['cmake', 'python']
[0.435s] Level 1:colcon.colcon_core.package_identification:_identify(.) by extension 'cmake'
[0.435s] Level 1:colcon.colcon_core.package_identification:_identify(.) by extension 'python'
[0.435s] Level 1:colcon.colcon_core.package_identification:_identify(.) by extensions ['python_setup_py']
[0.435s] Level 1:colcon.colcon_core.package_identification:_identify(.) by extension 'python_setup_py'
[0.435s] Level 1:colcon.colcon_core.package_identification:_identify(build) by extensions ['ignore', 'ignore_ament_install']
[0.435s] Level 1:colcon.colcon_core.package_identification:_identify(build) by extension 'ignore'
[0.435s] Level 1:colcon.colcon_core.package_identification:_identify(build) ignored
[0.435s] Level 1:colcon.colcon_core.package_identification:_identify(install) by extensions ['ignore', 'ignore_ament_install']
[0.435s] Level 1:colcon.colcon_core.package_identification:_identify(install) by extension 'ignore'
[0.435s] Level 1:colcon.colcon_core.package_identification:_identify(install) ignored
[0.435s] Level 1:colcon.colcon_core.package_identification:_identify(log) by extensions ['ignore', 'ignore_ament_install']
[0.435s] Level 1:colcon.colcon_core.package_identification:_identify(log) by extension 'ignore'
[0.435s] Level 1:colcon.colcon_core.package_identification:_identify(log) ignored
[0.435s] Level 1:colcon.colcon_core.package_identification:_identify(src) by extensions ['ignore', 'ignore_ament_install']
[0.435s] Level 1:colcon.colcon_core.package_identification:_identify(src) by extension 'ignore'
[0.435s] Level 1:colcon.colcon_core.package_identification:_identify(src) by extension 'ignore_ament_install'
[0.435s] Level 1:colcon.colcon_core.package_identification:_identify(src) by extensions ['colcon_pkg']
[0.435s] Level 1:colcon.colcon_core.package_identification:_identify(src) by extension 'colcon_pkg'
[0.435s] Level 1:colcon.colcon_core.package_identification:_identify(src) by extensions ['colcon_meta']
[0.436s] Level 1:colcon.colcon_core.package_identification:_identify(src) by extension 'colcon_meta'
[0.436s] Level 1:colcon.colcon_core.package_identification:_identify(src) by extensions ['ros']
[0.436s] Level 1:colcon.colcon_core.package_identification:_identify(src) by extension 'ros'
[0.436s] Level 1:colcon.colcon_core.package_identification:_identify(src) by extensions ['cmake', 'python']
[0.436s] Level 1:colcon.colcon_core.package_identification:_identify(src) by extension 'cmake'
[0.436s] Level 1:colcon.colcon_core.package_identification:_identify(src) by extension 'python'
[0.436s] Level 1:colcon.colcon_core.package_identification:_identify(src) by extensions ['python_setup_py']
[0.436s] Level 1:colcon.colcon_core.package_identification:_identify(src) by extension 'python_setup_py'
[0.436s] Level 1:colcon.colcon_core.package_identification:_identify(src/rplidar_ros) by extensions ['ignore', 'ignore_ament_install']
[0.436s] Level 1:colcon.colcon_core.package_identification:_identify(src/rplidar_ros) by extension 'ignore'
[0.436s] Level 1:colcon.colcon_core.package_identification:_identify(src/rplidar_ros) by extension 'ignore_ament_install'
[0.436s] Level 1:colcon.colcon_core.package_identification:_identify(src/rplidar_ros) by extensions ['colcon_pkg']
[0.436s] Level 1:colcon.colcon_core.package_identification:_identify(src/rplidar_ros) by extension 'colcon_pkg'
[0.436s] Level 1:colcon.colcon_core.package_identification:_identify(src/rplidar_ros) by extensions ['colcon_meta']
[0.436s] Level 1:colcon.colcon_core.package_identification:_identify(src/rplidar_ros) by extension 'colcon_meta'
[0.436s] Level 1:colcon.colcon_core.package_identification:_identify(src/rplidar_ros) by extensions ['ros']
[0.436s] Level 1:colcon.colcon_core.package_identification:_identify(src/rplidar_ros) by extension 'ros'
[0.436s] Level 1:colcon.colcon_core.package_identification:_identify(src/rplidar_ros) by extensions ['cmake', 'python']
[0.436s] Level 1:colcon.colcon_core.package_identification:_identify(src/rplidar_ros) by extension 'cmake'
[0.436s] Level 1:colcon.colcon_core.package_identification:_identify(src/rplidar_ros) by extension 'python'
[0.436s] Level 1:colcon.colcon_core.package_identification:_identify(src/rplidar_ros) by extensions ['python_setup_py']
[0.436s] Level 1:colcon.colcon_core.package_identification:_identify(src/rplidar_ros) by extension 'python_setup_py'
[0.436s] Level 1:colcon.colcon_core.package_identification:_identify(src/wafl2026) by extensions ['ignore', 'ignore_ament_install']
[0.436s] Level 1:colcon.colcon_core.package_identification:_identify(src/wafl2026) by extension 'ignore'
[0.436s] Level 1:colcon.colcon_core.package_identification:_identify(src/wafl2026) by extension 'ignore_ament_install'
[0.436s] Level 1:colcon.colcon_core.package_identification:_identify(src/wafl2026) by extensions ['colcon_pkg']
[0.436s] Level 1:colcon.colcon_core.package_identification:_identify(src/wafl2026) by extension 'colcon_pkg'
[0.436s] Level 1:colcon.colcon_core.package_identification:_identify(src/wafl2026) by extensions ['colcon_meta']
[0.436s] Level 1:colcon.colcon_core.package_identification:_identify(src/wafl2026) by extension 'colcon_meta'
[0.437s] Level 1:colcon.colcon_core.package_identification:_identify(src/wafl2026) by extensions ['ros']
[0.437s] Level 1:colcon.colcon_core.package_identification:_identify(src/wafl2026) by extension 'ros'
[0.438s] DEBUG:colcon.colcon_core.package_identification:Package 'src/wafl2026' with type 'ros.ament_python' and name 'wafl2026'
[0.438s] Level 1:colcon.colcon_core.package_discovery:discover_packages(recursive) using defaults
[0.438s] Level 1:colcon.colcon_core.package_discovery:discover_packages(ignore) discover
[0.438s] Level 1:colcon.colcon_core.package_discovery:discover_packages(ignore) using defaults
[0.438s] Level 1:colcon.colcon_core.package_discovery:discover_packages(path) discover
[0.438s] Level 1:colcon.colcon_core.package_discovery:discover_packages(path) using defaults
[0.464s] Level 1:colcon.colcon_core.package_discovery:discover_packages(prefix_path) check parameters
[0.464s] Level 1:colcon.colcon_core.package_discovery:discover_packages(prefix_path) discover
[0.468s] DEBUG:colcon.colcon_installed_package_information.package_discovery:Found 1 installed packages in /home/martin/ros2_ws/install
[0.469s] DEBUG:colcon.colcon_installed_package_information.package_discovery:Found 394 installed packages in /opt/ros/humble
[0.471s] Level 1:colcon.colcon_core.package_discovery:discover_packages(prefix_path) using defaults
[0.505s] Level 5:colcon.colcon_core.verb:set package 'wafl2026' build argument 'cmake_args' from command line to 'None'
[0.506s] Level 5:colcon.colcon_core.verb:set package 'wafl2026' build argument 'cmake_target' from command line to 'None'
[0.506s] Level 5:colcon.colcon_core.verb:set package 'wafl2026' build argument 'cmake_target_skip_unavailable' from command line to 'False'
[0.506s] Level 5:colcon.colcon_core.verb:set package 'wafl2026' build argument 'cmake_clean_cache' from command line to 'False'
[0.506s] Level 5:colcon.colcon_core.verb:set package 'wafl2026' build argument 'cmake_clean_first' from command line to 'False'
[0.506s] Level 5:colcon.colcon_core.verb:set package 'wafl2026' build argument 'cmake_force_configure' from command line to 'False'
[0.506s] Level 5:colcon.colcon_core.verb:set package 'wafl2026' build argument 'ament_cmake_args' from command line to 'None'
[0.506s] Level 5:colcon.colcon_core.verb:set package 'wafl2026' build argument 'catkin_cmake_args' from command line to 'None'
[0.506s] Level 5:colcon.colcon_core.verb:set package 'wafl2026' build argument 'catkin_skip_building_tests' from command line to 'False'
[0.506s] DEBUG:colcon.colcon_core.verb:Building package 'wafl2026' with the following arguments: {'ament_cmake_args': None, 'build_base': '/home/martin/gp/repo26/WAFL2026/Localization/Simulation/build/wafl2026', 'catkin_cmake_args': None, 'catkin_skip_building_tests': False, 'cmake_args': None, 'cmake_clean_cache': False, 'cmake_clean_first': False, 'cmake_force_configure': False, 'cmake_target': None, 'cmake_target_skip_unavailable': False, 'install_base': '/home/martin/gp/repo26/WAFL2026/Localization/Simulation/install/wafl2026', 'merge_install': False, 'path': '/home/martin/gp/repo26/WAFL2026/Localization/Simulation/src/wafl2026', 'symlink_install': True, 'test_result_base': None}
[0.506s] INFO:colcon.colcon_core.executor:Executing jobs using 'parallel' executor
[0.507s] DEBUG:colcon.colcon_parallel_executor.executor.parallel:run_until_complete
[0.507s] INFO:colcon.colcon_ros.task.ament_python.build:Building ROS package in '/home/martin/gp/repo26/WAFL2026/Localization/Simulation/src/wafl2026' with build type 'ament_python'
[0.507s] Level 1:colcon.colcon_core.shell:create_environment_hook('wafl2026', 'ament_prefix_path')
[0.514s] INFO:colcon.colcon_core.plugin_system:Skipping extension 'colcon_core.shell.bat': Not used on non-Windows systems
[0.515s] INFO:colcon.colcon_core.shell:Creating environment hook '/home/martin/gp/repo26/WAFL2026/Localization/Simulation/install/wafl2026/share/wafl2026/hook/ament_prefix_path.ps1'
[0.516s] INFO:colcon.colcon_core.shell:Creating environment descriptor '/home/martin/gp/repo26/WAFL2026/Localization/Simulation/install/wafl2026/share/wafl2026/hook/ament_prefix_path.dsv'
[0.516s] INFO:colcon.colcon_core.shell:Creating environment hook '/home/martin/gp/repo26/WAFL2026/Localization/Simulation/install/wafl2026/share/wafl2026/hook/ament_prefix_path.sh'
[0.517s] INFO:colcon.colcon_core.shell:Skip shell extension 'powershell' for command environment: Not usable outside of PowerShell
[0.517s] DEBUG:colcon.colcon_core.shell:Skip shell extension 'dsv' for command environment
[0.725s] INFO:colcon.colcon_core.task.python.build:Building Python package in '/home/martin/gp/repo26/WAFL2026/Localization/Simulation/src/wafl2026'
[0.725s] INFO:colcon.colcon_core.shell:Skip shell extension 'powershell' for command environment: Not usable outside of PowerShell
[0.725s] DEBUG:colcon.colcon_core.shell:Skip shell extension 'dsv' for command environment
[1.123s] DEBUG:colcon.colcon_core.task.python.build:Available setuptools commands: easy_install, upload, update_catalog, symlink_data, register, upload_docs, install, install_headers, sdist, saveopts, alias, install_egg_info, bdist_dumb, init_catalog, install_scripts, bdist_rpm, test, build_py, compile_catalog, develop, build_ext, install_data, build_scripts, check, build_clib, bdist, bdist_egg, rotate, dist_info, egg_info, extract_messages, install_lib, bdist_wheel, clean, build, setopt
[1.337s] DEBUG:colcon.colcon_core.task.python.build:Available setuptools 'develop' options: --egg-path, --always-unzip, --multi-version, --build-directory, --zip-ok, --install-dir, --uninstall, --no-user-cfg, --local-snapshots-ok, --quiet, --upgrade, --version, --dry-run, --help, --exclude-scripts, --install-layout, --editable, --force-installation-into-system-dir, --no-deps, --no-find-links, --user, --index-url, --optimize, --allow-hosts, --script-dir, --prefix, --record, --always-copy, --site-dirs, --find-links, --verbose
[1.340s] DEBUG:colcon.colcon_core.event_handler.log_command:Invoking command in '/home/martin/gp/repo26/WAFL2026/Localization/Simulation/build/wafl2026': PYTHONPATH=/home/martin/gp/repo26/WAFL2026/Localization/Simulation/build/wafl2026/prefix_override:/usr/lib/python3/dist-packages/colcon_core/task/python/colcon_distutils_commands:/home/martin/gp/repo26/WAFL2026/Localization/Simulation/install/wafl2026/lib/python3.10/site-packages:${PYTHONPATH} /usr/bin/python3 -W ignore:setup.py install is deprecated -W ignore:easy_install command is deprecated setup.py develop --editable --build-directory /home/martin/gp/repo26/WAFL2026/Localization/Simulation/build/wafl2026/build --no-deps symlink_data
[1.762s] Level 1:colcon.colcon_core.shell:create_environment_hook('wafl2026', 'pythonpath_develop')
[1.763s] INFO:colcon.colcon_core.shell:Creating environment hook '/home/martin/gp/repo26/WAFL2026/Localization/Simulation/build/wafl2026/share/wafl2026/hook/pythonpath_develop.ps1'
[1.763s] DEBUG:colcon.colcon_core.event_handler.log_command:Invoked command in '/home/martin/gp/repo26/WAFL2026/Localization/Simulation/build/wafl2026' returned '0': PYTHONPATH=/home/martin/gp/repo26/WAFL2026/Localization/Simulation/build/wafl2026/prefix_override:/usr/lib/python3/dist-packages/colcon_core/task/python/colcon_distutils_commands:/home/martin/gp/repo26/WAFL2026/Localization/Simulation/install/wafl2026/lib/python3.10/site-packages:${PYTHONPATH} /usr/bin/python3 -W ignore:setup.py install is deprecated -W ignore:easy_install command is deprecated setup.py develop --editable --build-directory /home/martin/gp/repo26/WAFL2026/Localization/Simulation/build/wafl2026/build --no-deps symlink_data
[1.763s] INFO:colcon.colcon_core.shell:Creating environment descriptor '/home/martin/gp/repo26/WAFL2026/Localization/Simulation/build/wafl2026/share/wafl2026/hook/pythonpath_develop.dsv'
[1.764s] INFO:colcon.colcon_core.shell:Creating environment hook '/home/martin/gp/repo26/WAFL2026/Localization/Simulation/build/wafl2026/share/wafl2026/hook/pythonpath_develop.sh'
[1.771s] Level 1:colcon.colcon_core.environment:checking '/home/martin/gp/repo26/WAFL2026/Localization/Simulation/install/wafl2026' for CMake module files
[1.771s] Level 1:colcon.colcon_core.environment:checking '/home/martin/gp/repo26/WAFL2026/Localization/Simulation/install/wafl2026' for CMake config files
[1.772s] Level 1:colcon.colcon_core.environment:checking '/home/martin/gp/repo26/WAFL2026/Localization/Simulation/install/wafl2026/lib'
[1.772s] Level 1:colcon.colcon_core.environment:checking '/home/martin/gp/repo26/WAFL2026/Localization/Simulation/install/wafl2026/bin'
[1.772s] Level 1:colcon.colcon_core.environment:checking '/home/martin/gp/repo26/WAFL2026/Localization/Simulation/install/wafl2026/lib/pkgconfig/wafl2026.pc'
[1.773s] Level 1:colcon.colcon_core.environment:checking '/home/martin/gp/repo26/WAFL2026/Localization/Simulation/install/wafl2026/lib/python3.10/site-packages'
[1.773s] Level 1:colcon.colcon_core.shell:create_environment_hook('wafl2026', 'pythonpath')
[1.773s] INFO:colcon.colcon_core.shell:Creating environment hook '/home/martin/gp/repo26/WAFL2026/Localization/Simulation/install/wafl2026/share/wafl2026/hook/pythonpath.ps1'
[1.773s] INFO:colcon.colcon_core.shell:Creating environment descriptor '/home/martin/gp/repo26/WAFL2026/Localization/Simulation/install/wafl2026/share/wafl2026/hook/pythonpath.dsv'
[1.773s] INFO:colcon.colcon_core.shell:Creating environment hook '/home/martin/gp/repo26/WAFL2026/Localization/Simulation/install/wafl2026/share/wafl2026/hook/pythonpath.sh'
[1.774s] Level 1:colcon.colcon_core.environment:checking '/home/martin/gp/repo26/WAFL2026/Localization/Simulation/install/wafl2026/bin'
[1.774s] Level 1:colcon.colcon_core.environment:create_environment_scripts_only(wafl2026)
[1.774s] INFO:colcon.colcon_core.shell:Creating package script '/home/martin/gp/repo26/WAFL2026/Localization/Simulation/install/wafl2026/share/wafl2026/package.ps1'
[1.775s] INFO:colcon.colcon_core.shell:Creating package descriptor '/home/martin/gp/repo26/WAFL2026/Localization/Simulation/install/wafl2026/share/wafl2026/package.dsv'
[1.776s] INFO:colcon.colcon_core.shell:Creating package script '/home/martin/gp/repo26/WAFL2026/Localization/Simulation/install/wafl2026/share/wafl2026/package.sh'
[1.777s] INFO:colcon.colcon_core.shell:Creating package script '/home/martin/gp/repo26/WAFL2026/Localization/Simulation/install/wafl2026/share/wafl2026/package.bash'
[1.778s] INFO:colcon.colcon_core.shell:Creating package script '/home/martin/gp/repo26/WAFL2026/Localization/Simulation/install/wafl2026/share/wafl2026/package.zsh'
[1.778s] Level 1:colcon.colcon_core.environment:create_file_with_runtime_dependencies(/home/martin/gp/repo26/WAFL2026/Localization/Simulation/install/wafl2026/share/colcon-core/packages/wafl2026)
[1.779s] DEBUG:colcon.colcon_parallel_executor.executor.parallel:closing loop
[1.779s] DEBUG:colcon.colcon_parallel_executor.executor.parallel:loop closed
[1.779s] DEBUG:colcon.colcon_parallel_executor.executor.parallel:run_until_complete finished with '0'
[1.779s] DEBUG:colcon.colcon_core.event_reactor:joining thread
[1.784s] INFO:colcon.colcon_core.plugin_system:Skipping extension 'colcon_notification.desktop_notification.terminal_notifier': Not used on non-Darwin systems
[1.785s] INFO:colcon.colcon_core.plugin_system:Skipping extension 'colcon_notification.desktop_notification.win32': Not used on non-Windows systems
[1.785s] INFO:colcon.colcon_notification.desktop_notification:Sending desktop notification using 'notify2'
[1.794s] DEBUG:colcon.colcon_core.event_reactor:joined thread
[1.794s] INFO:colcon.colcon_core.shell:Creating prefix script '/home/martin/gp/repo26/WAFL2026/Localization/Simulation/install/local_setup.ps1'
[1.795s] INFO:colcon.colcon_core.shell:Creating prefix util module '/home/martin/gp/repo26/WAFL2026/Localization/Simulation/install/_local_setup_util_ps1.py'
[1.796s] INFO:colcon.colcon_core.shell:Creating prefix chain script '/home/martin/gp/repo26/WAFL2026/Localization/Simulation/install/setup.ps1'
[1.798s] INFO:colcon.colcon_core.shell:Creating prefix script '/home/martin/gp/repo26/WAFL2026/Localization/Simulation/install/local_setup.sh'
[1.798s] INFO:colcon.colcon_core.shell:Creating prefix util module '/home/martin/gp/repo26/WAFL2026/Localization/Simulation/install/_local_setup_util_sh.py'
[1.799s] INFO:colcon.colcon_core.shell:Creating prefix chain script '/home/martin/gp/repo26/WAFL2026/Localization/Simulation/install/setup.sh'
[1.800s] INFO:colcon.colcon_core.shell:Creating prefix script '/home/martin/gp/repo26/WAFL2026/Localization/Simulation/install/local_setup.bash'
[1.800s] INFO:colcon.colcon_core.shell:Creating prefix chain script '/home/martin/gp/repo26/WAFL2026/Localization/Simulation/install/setup.bash'
[1.801s] INFO:colcon.colcon_core.shell:Creating prefix script '/home/martin/gp/repo26/WAFL2026/Localization/Simulation/install/local_setup.zsh'
[1.801s] INFO:colcon.colcon_core.shell:Creating prefix chain script '/home/martin/gp/repo26/WAFL2026/Localization/Simulation/install/setup.zsh'
